[www.contiant.com/index.html]
[backblue.gif]
[fade.gif]
[index.html]
[assets-global.website-files.com/63ce8fdfb773bb355dff79ca/css/contiant.webflow.998551745.css]
[assets-global.website-files.com/63ce8fdfb773bb355dff79ca/63eb8c784b27831e98c03664_fav-icon.png]
[assets-global.website-files.com/63ce8fdfb773bb355dff79ca/63eb8cccb5634b12e620dca9_webclip.png]
[www.contiant.com/cookie-policy.html]
[assets-global.website-files.com/63ce8fdfb773bb355dff79ca/641ac915a7f275e22108af59_hero-1.png]
[assets-global.website-files.com/63ce8fdfb773bb355dff79ca/641ac914e2a34fe3e862ba9c_hero-1-1.png]
[assets-global.website-files.com/63ce8fdfb773bb355dff79ca/641ac915533494667d62486e_hero-2.png]
[assets-global.website-files.com/63ce8fdfb773bb355dff79ca/641ac914c0a2eebeeb1c2460_hero-2-1.png]
[assets-global.website-files.com/63ce8fdfb773bb355dff79ca/641ac914f64c5e1a4e5e68e5_hero-3.png]
[assets-global.website-files.com/63ce8fdfb773bb355dff79ca/641ac9145334942bbe624864_hero-3-1.png]
[assets-global.website-files.com/63ce8fdfb773bb355dff79ca/641ac9153ed75985e6444107_hero-4.png]
[assets-global.website-files.com/63ce8fdfb773bb355dff79ca/641ac9145b93f331878b7fad_hero-4-1.png]
[assets-global.website-files.com/63ce8fdfb773bb355dff79ca/641ac91653349400b662487a_hero-5.png]
[assets-global.website-files.com/63ce8fdfb773bb355dff79ca/63cea64adb594e804d635959_hero-img.png]
[assets-global.website-files.com/63ce8fdfb773bb355dff79ca/63da8f7e4dca1b069c17ffce_Card 1.png]
[assets-global.website-files.com/63ce8fdfb773bb355dff79ca/63dbbc0b9d2518591a58c1d3_merchent-img.jpg]
[assets-global.website-files.com/63ce8fdfb773bb355dff79ca/63e23b8bcc55b71653fa911b_customer-img.jpg]
[assets-global.website-files.com/63ce8fdfb773bb355dff79ca/63e23fb3659d2d82cb268e1f_sneekers.jpg]
[assets-global.website-files.com/63ce8fdfb773bb355dff79ca/6414347f0ee69a40f6ae9e5a_screen2.png]
[assets-global.website-files.com/63ce8fdfb773bb355dff79ca/6414347fa235a3515ff822fd_screen3.png]
[www.contiant.com/company.html]
[www.contiant.com/investors.html]
[www.contiant.com/blog.html]
[www.contiant.com/privacy-policy.html]
[www.contiant.com/terms-of-use.html]
[www.contiant.com/merchant-terms-and-conditions.html]
[d3e54v103j8qbb.cloudfront.net/js/jquery-3.5.1.min.dc5e7f18c8c15c.js]
[assets-global.website-files.com/63ce8fdfb773bb355dff79ca/js/webflow.215a9368e.js]
[cdnjs.cloudflare.com/ajax/libs/gsap/3.11.3/gsap.min.js]
[cdnjs.cloudflare.com/ajax/libs/gsap/3.11.3/ScrollTrigger.min.js]
[stan.bg/js/SplitText.min.js]
[www.contiant.com/index.html]
[cdnjs.cloudflare.com/ajax/libs/gsap/3.11.4/MotionPathPlugin.min.js]
[assets-global.website-files.com/63ce8fdfb773bb355dff79ca/63da8ba4fcb5282d0c27c3fc_nois.png]
[assets-global.website-files.com/63ce8fdfb773bb355dff79ca/64256bc9943fc80597dfd849_Rectangle 486.jpg]
[assets-global.website-files.com/63ce8fdfb773bb355dff79ca/64256bc9a0534b62de38e839_Rectangle 487.jpg]
[assets-global.website-files.com/63ce8fdfb773bb355dff79ca/css/contiant.webflow.998551745.css]
[www.contiant.com/cookie-policy.html]
[assets-global.website-files.com/63ce8fdfb773bb355dff79ca/64254222f5858530e2727bdc_orange element.png]
[assets-global.website-files.com/63ce8fdfb773bb355dff79ca/64254221596eec323c3015e3_purple element.png]
[assets-global.website-files.com/63ce8fdfb773bb355dff79ca/64254221c7e054376473dfca_green element.png]
[www.contiant.com/company.html]
[assets-global.website-files.com/63ce8fdfb773bb355dff79ca/649065e39f96c2f4e6e3da46_LOGOS.png]
[www.contiant.com/investors.html]
[cdn.jsdelivr.net/npm/@finsweet/attributes-cmsfilter@1/cmsfilter.js]
[assets-global.website-files.com/63ce8fdfb773bb355dff79ca/649c269be1f6bc1fb09be64b_purple element-1.png]
[assets-global.website-files.com/63ce8fdfb773bb355dff79ca/649c269bbf0c65195a414292_purple element.png]
[www.contiant.com/post/navigating-the-future-of-finance-how-the-new-instant-payment-regulations-will-transform-european-payments.html]
[assets-global.website-files.com/63ce8fdfb773bb0e26ff79d5/655b39db04f1c5f155ae673a_A_18.png]
[www.contiant.com/post/rethinking-e-commerce-payment-systems-beyond-card-fees-2.html]
[assets-global.website-files.com/63ce8fdfb773bb0e26ff79d5/654a24e45a090112bc485cc3_A_17.png]
[www.contiant.com/post/rethinking-financial-data-sharing-the-emergence-of-fida.html]
[assets-global.website-files.com/63ce8fdfb773bb0e26ff79d5/6541024bb62e4c5cead92d08_A_16.png]
[www.contiant.com/post/optimizing-user-sign-up-a-comprehensive-guide.html]
[assets-global.website-files.com/63ce8fdfb773bb0e26ff79d5/65362d3a48cc240013fa5bd8_A_15.png]
[www.contiant.com/post/rethinking-e-commerce-payment-systems-beyond-card-fees.html]
[assets-global.website-files.com/63ce8fdfb773bb0e26ff79d5/6527b4783f573fb44747874e_A_14.png]
[www.contiant.com/post/the-future-of-e-commerce-payments-key-trends-to-watch.html]
[assets-global.website-files.com/63ce8fdfb773bb0e26ff79d5/651fccae16f00ab82abd7471_A_13.png]
[www.contiant.com/post/beyond-transactions-how-account-to-account-payments-enhance-business-strategy-and-decision-making.html]
[assets-global.website-files.com/63ce8fdfb773bb0e26ff79d5/64fec8637275d4c0f23a86cb_A_12.png]
[www.contiant.com/post/the-synergy-of-tech-and-finance-bridging-the-gap-with-account-to-account-payments-solutions.html]
[assets-global.website-files.com/63ce8fdfb773bb0e26ff79d5/64f0510acf7de2a528343393_A_11.png]
[www.contiant.com/post/the-evolution-of-payments-how-account-to-account-payments-are-shaping-the-future.html]
[assets-global.website-files.com/63ce8fdfb773bb0e26ff79d5/64e71483947642ac7a09fa3f_A_10.png]
[www.contiant.com/post/navigating-the-future-of-finance-contiants-leadership-in-account-to-account-payments.html]
[assets-global.website-files.com/63ce8fdfb773bb0e26ff79d5/64dc7c771b0f5a78abf53ce0_A_09_Thumbnail.png]
[www.contiant.com/post/unlocking-the-potential-of-account-to-account-payments-a-close-look-at-contiants-seamless-and-efficient-payments.html]
[assets-global.website-files.com/63ce8fdfb773bb0e26ff79d5/64d34b45b253b2ebe7e34971_Frame 65.png]
[www.contiant.com/post/how-contiant-is-redefining-industry-standards-with-account-to-account-payments.html]
[assets-global.website-files.com/63ce8fdfb773bb0e26ff79d5/64d3401f16fda9f7449939cd_Frame 64.png]
[www.contiant.com/post/turnkey-solutions-for-modern-business-how-contiants-account-to-account-payment-gateway-streamlines-transactions.html]
[assets-global.website-files.com/63ce8fdfb773bb0e26ff79d5/64be526d60ecfc1c627764f7_64_creative_base.png]
[www.contiant.com/post/welcome-to-the-future-of-payments-discover-the-power-of-account-to-account-payments-with-contiant.html]
[assets-global.website-files.com/63ce8fdfb773bb0e26ff79d5/64b0e5491eb4acf106d07b4e_72_creative_base.png]
[www.contiant.com/post/psd3-what-is-new-and-how-it-impacts-payments-embracing-change-and-optimizing-efficiency.html]
[assets-global.website-files.com/63ce8fdfb773bb0e26ff79d5/64abb710a329f52e62238eae_48_creative_base.png]
[www.contiant.com/post/the-power-of-open-banking.html]
[assets-global.website-files.com/63ce8fdfb773bb0e26ff79d5/649d58a2a1ad22ccdf391dc7_image3.png]
[www.contiant.com/post/revolutionizing-payments-with-contiant-instant-payments-no-chargebacks.html]
[assets-global.website-files.com/63ce8fdfb773bb0e26ff79d5/649d5a99ff8ee6aaf602901a_image2-2.png]
[www.contiant.com/post/open-banking-vs-card-payments-a-new-era-in-financial-transactions.html]
[assets-global.website-files.com/63ce8fdfb773bb0e26ff79d5/649d58cc58749e3e30ba04ab_image4.png]
[www.contiant.com/blog.html]
[www.contiant.com/privacy-policy.html]
[www.contiant.com/terms-of-use.html]
[www.contiant.com/merchant-terms-and-conditions.html]
[code.jquery.com/jquery-3.6.0.min.js]
[cdn.jsdelivr.net/npm/@finsweet/attributes-cmsprevnext@1/cmsprevnext.js]
[www.contiant.com/post/navigating-the-future-of-finance-how-the-new-instant-payment-regulations-will-transform-european-payments.html]
[www.contiant.com/post/rethinking-e-commerce-payment-systems-beyond-card-fees-2.html]
[www.contiant.com/post/rethinking-financial-data-sharing-the-emergence-of-fida.html]
[www.contiant.com/post/optimizing-user-sign-up-a-comprehensive-guide.html]
[www.contiant.com/post/rethinking-e-commerce-payment-systems-beyond-card-fees.html]
[www.contiant.com/post/the-future-of-e-commerce-payments-key-trends-to-watch.html]
[www.contiant.com/post/beyond-transactions-how-account-to-account-payments-enhance-business-strategy-and-decision-making.html]
[tools.refokus.com/social-share/bundle.v1.0.0.js]
[www.contiant.com/post/the-synergy-of-tech-and-finance-bridging-the-gap-with-account-to-account-payments-solutions.html]
[www.contiant.com/post/the-evolution-of-payments-how-account-to-account-payments-are-shaping-the-future.html]
[assets-global.website-files.com/63ce8fdfb773bb0e26ff79d5/64fec7e865f08f2476499426_tmYbaIrhgn_EkGSvUMPDNlRgZCixRU5fMNpual5IX-0Dk82mtKSuw4uSfJfAjahH2JAlWeuBdaev7iwMKMILiaryu5G80W0Wp0lsViUj4ESrpfUuMWyFj0Oxd4GhyGiFsovzE-]
[assets-global.website-files.com/63ce8fdfb773bb0e26ff79d5/64fec7e8864cb58ae570d613_4wfBU1W7w2tZc2VOm7bOV6ZNbzXkNUvB-iP-px8J7BvcQcJuaHRUlsnnispBKA5WWX2oPhOMVulx4sYqqXpZ4mq-7QHARhMlBqsu4y9bUP69hQO_zZsy-DGqJ7em3RyBoRtkFA]
[assets-global.website-files.com/63ce8fdfb773bb0e26ff79d5/64fec7e884acd97b014476c4_0783jFz0N5n3_6S5xUo4HVfi4Xez3ym4Wg7leS0K5zguejyw3tJYccJRDXxN5Au1WC5XTn6G6gL6hwAHbwKzlMBrpyp-nB75lbPob5fuztY-fWEtIdZ6B5Cl0VRSaH2iPutRBI]
[assets-global.website-files.com/63ce8fdfb773bb0e26ff79d5/64fec7e8864cb58ae570d622_NyXwV_Bk942P5jtKufXdF7ZxD6afAfs9HBh3Qdd197DQ99BjcsKUPFw6_OD8eAiQXrm9TAAQxF_PXFjh4QjmtbPwBrclH0Uvn5SG_FlwYrkkxYdf4lbcGkbBS3H_RL3C3nSRlC]
[www.contiant.com/post/navigating-the-future-of-finance-contiants-leadership-in-account-to-account-payments.html]
[assets-global.website-files.com/63ce8fdfb773bb0e26ff79d5/64f04b23883f2150b97c872c_2BaCfUjDpLLZ3tRew8CJx12MUVAMDIobyVda7jQlaZ2-bbBIH5aF_UUIM4yheAsASpYuSr9KJVkrpmk0eQlu5AgGROLGmkwlq-FhuCVVW8P1OeSLPejmuJfJUY4Sa_ZQoioUt3]
[assets-global.website-files.com/63ce8fdfb773bb0e26ff79d5/64f04b23e850b9e74dd66420_R9ITjfXeGGkE0NLiHb2qwPZgZ5JlI5J_8FqglsXoSX1QV_06gwOMjZPg5LZIb0Ydkn3AX0FpLmZaTCE2jboSa0hspMaisjE2CQ3nfos6TOhuaEH0JBnCPd6Q9bQsTaozIzZItG]
[assets-global.website-files.com/63ce8fdfb773bb0e26ff79d5/64f04b2316fee39f07d060b5_BAg3KSSb3hQwB-e1ButJYa4f9vZhZHvMAKkhmmDdnvedyH3QpRn5XlBkC69ex5-XQvVTIP_aOi10cSgkEgMkFyPhAaVhqjtccDB86iook-Yvi3ga9_rHiEMLL9NZq_QJAv4TIj]
[www.contiant.com/post/unlocking-the-potential-of-account-to-account-payments-a-close-look-at-contiants-seamless-and-efficient-payments.html]
[www.contiant.com/post/how-contiant-is-redefining-industry-standards-with-account-to-account-payments.html]
[assets-global.website-files.com/63ce8fdfb773bb0e26ff79d5/64e71466d75745db76b20be9_ypK4i9N_V-eLzA3msjWwCmUpd_AAkx0tU0bFx9BfD10aVvYgISwmnjQ3qjGLuZXoIuAbwS6e74aR1tE0muyXMB13rVUbrokc78lUlBfmXrKLIQdniaLREAKPmtcnoRPOdf8qjc]
[assets-global.website-files.com/63ce8fdfb773bb0e26ff79d5/64f04b23042f04722162922e_aMFBLsEUZgBsmbKZ5ljqcJGdmfl6b0a7h03UEPp09htsuVhgt06ZIjMARHu4GsWbxVisxFRLL1ewMZm3PHIXXCY_j4gx_A_ukuUJCuKryJEidFvGlbHljvk0PZrBEHj1bUMYQ4]
[assets-global.website-files.com/63ce8fdfb773bb0e26ff79d5/64e71466509920252ce7ecb2_zGSu7uJukSsH0lFVEqxAE5cEC4jQ5_h_3ew1_f-3yNXGVEVxuI8YC0nR5ciT2JbW758sH0Is2pxfOgnv3PqOyhPjRa3IzmGnfHRiioykhiH60WMhCcuAUXgGSPr6KnYn5Laqe6]
[assets-global.website-files.com/63ce8fdfb773bb0e26ff79d5/64e714660ae0da97a539f97d_a2JSpqDi9-R7hwSLBIpyAIYkZnLfxRWfZPpPMCYNJT7cZ8cIsIA03undazT78TBok2ZZDr5wLHDvc_aJWbCnm6__zctRYzv7S_TmClD2IoL91CKh4NuColZ1Q79LFoKAfgEBy4]
[www.contiant.com/post/turnkey-solutions-for-modern-business-how-contiants-account-to-account-payment-gateway-streamlines-transactions.html]
[assets-global.website-files.com/63ce8fdfb773bb0e26ff79d5/64e71466a1f574656bb322ed_eumVVLFclrbjBChS_tbu2FbaNyZgPBbTpvB5X14hXZyMMpepEyhCc3fXAQAdW4Ni7c5-TvsglrVkBlq9NRDX2RImxwVLTzTHR7eGoJCMqqLXMzy_bSznBoS5_yAzNY8-ZEga53]
[assets-global.website-files.com/63ce8fdfb773bb0e26ff79d5/64dc7ba8de01f31618bb6ea1_2rgRsNp1GlIyF270d46oCo2goh9falgG3_lZs2uEBRgR7QLxuueSQeDVJAlRbowKXa4s0dbSJDXEo_mQyFQAO5XxHQ31AIsmYDuN5bHvq7Tj6oFPtWhepj689SrcPTFsws7GUR]
[www.contiant.com/post/welcome-to-the-future-of-payments-discover-the-power-of-account-to-account-payments-with-contiant.html]
[assets-global.website-files.com/63ce8fdfb773bb0e26ff79d5/64dc7ba70984e8359b2586b0_FvPaHVI6S_Qyo3JVjJS-4j5I6MsaMtFWq9o5DUYB4Liq24zUmKi9v_EQgD8W3jcQ7dbov-2S_qZRneY6yhBKrulecJbMD3wWzMkGTXu_NJq7eXmvfSABnImUi02UqKPzZHxVEw]
[assets-global.website-files.com/63ce8fdfb773bb0e26ff79d5/64dc7ba74def5838a0612aa9_UuwwhxhGuvLKMa92pvL-SXa7iZZ0i_odI6Dgm5QgyTmS4cdIhXanrk_YqcuevofczbXpdlw9a_0qPrtLOoWFDoBThSktkejdwJ_0SnHrSvJaQyfPTeFoy_RvzkK3zipy8FYOeb]
[www.contiant.com/post/psd3-what-is-new-and-how-it-impacts-payments-embracing-change-and-optimizing-efficiency.html]
[assets-global.website-files.com/63ce8fdfb773bb0e26ff79d5/64dc7ba733c067ec80f64043_pZaid3EaqoHHiHTPvlBs8ocYTR-PEpMROQwDyYZP9Psa9YQHQcKABdGrluKBF_M04k18ZMpPkpl4OXE0YyKx3_kYzaubnwC4Kmz5pfAuHyTBZSsqHSaAEf4m_tDW1H0hn87yc_]
[www.contiant.com/post/the-power-of-open-banking.html]
[assets-global.website-files.com/63ce8fdfb773bb0e26ff79d5/64d34b30c9c8e0c688083f53_0ORUBwFmHYvlW1Ak-LyTTppO1Lqt62ygKCSi5judPaG1Wxb9YugdDFtRoY10iJMEVgYTHMpmOQgKhW9r5wcszldIDg-Y4ik489CpftZvKXipZKtx9TNh3pE3G9uOi0GDplgYvr]
[assets-global.website-files.com/63ce8fdfb773bb0e26ff79d5/64d34b30b944e4c5f8d020af_osfOnOlHUpEIcBlA1esCw9tlH1puj6Y5fY0gc_T0lq95xbJ7_mU1UVowWmw2CBbATkqgDN2AfEPCbcjyCXvBBkg_gkSe2KS2CuXe4qDdwHSiQNsy7M-js3L3LC1ki_rdy3Pv0g]
[assets-global.website-files.com/63ce8fdfb773bb0e26ff79d5/64d34b302958187cfff269b0_9YBx5zPZADBPRX50O4M8EEgbYhbumi6mdutQ-GUuMOCvvrYxMQ3Lf5dZpgvkFDMCzl8CSLW5k0DFZsN8P1REsM-WCsVIV6whBhfNt81S8LnXfemVJckutSotsFLOIgYs9UZOz2]
[assets-global.website-files.com/63ce8fdfb773bb0e26ff79d5/64d34b3035fb447bfde3a9ce_wOnyQ14d1bAjJdbb4w4x9X7lCHj_smpVfYP85_JH4hqs6ZDknM52dtlJDjSBG-1NhzhnuW7tYertc3z8_29T4j8Zr_j-7hqD9xjd3EbYz6EvTkgYZijlVlbc_8vfbRbgMQrmj8]
[assets-global.website-files.com/63ce8fdfb773bb0e26ff79d5/64d33fa822a544252c1631ed_tU5sZobdq2yqG4YMIl3MAeTmDxnOCS2mLRkc5iwYld1pfV4t-g3xiUbetsyGmmKQOnw4zod2BiM3kk_OeDwOoUI0yIkiYA5k-FZpgoFUacfAFJ3bW2HUTHsp95hmttfkgNa5c0]
[assets-global.website-files.com/63ce8fdfb773bb0e26ff79d5/649d5a6c9bf5418a3d15620a_image1-2.png]
[assets-global.website-files.com/63ce8fdfb773bb0e26ff79d5/64d33fa8808d35cbd4a37b89_TO1b4etebNyqPH5TVHmxrj8px5qs50p27aCVUZKggYm4ZjxXEjRraRyAfWqmMYndRH_JthkS3kVPR0VOMbakuCD10ltjVS78xS3b1OSnODzLarJOm-y4N_heFobdjRG0thEnD8]
[assets-global.website-files.com/63ce8fdfb773bb0e26ff79d5/64d33fa8dc2e476fe61e2dae_NxST59ijQm_aehMQydqRfxeHg_xqlgNHLZdpvsDQzIJU4VZmiQMnXYWT4rZmbHRU6lrEihXSV_7hXKj9-lsQ2Lmu0sbTTujlTbs1HeRL16I1nMWevN6FGGQ9Lav1BXTCECUlXB]
[assets-global.website-files.com/63ce8fdfb773bb0e26ff79d5/64d33fa8d4beb816f969dba4_QaRXG-4npNpzcQjFKzOQcyyO6n1Jy7pulzphda2bkXM65pZ06bjFWHZC92qIax8wOAGQu72EcSlmQuDZ6LWPeUYFC53ueuo3VHDrH2V_vtnA7bl4PLr83kWYrHkfodAwPF7CV0]
[assets-global.website-files.com/63ce8fdfb773bb0e26ff79d5/649d5a8e91393be9e873723d_image4.jpg]
[assets-global.website-files.com/63ce8fdfb773bb0e26ff79d5/64be5231d68d4db0ea76ed82_mddeOlWzn4bHaGUlMyh9cF5DCW3Ok8b4tRaWJ-O4CEgJ8em63ZSgV6pzNDu5Jfc6Pe0dICX16UHSTLwpygUSbd_jWBBQfMiLShMhJekf5jDrHymUxmj1K1iIKhQAURpR29V681]
[assets-global.website-files.com/63ce8fdfb773bb0e26ff79d5/64be5231ceac9a4090f088cc_qeuxQLCdU2NmesGO6hD3NxO1no_7v5PJK-g5pYbTKDzlnP83eACF6-4mqmjXvuiwWivKyFlT19ES8dtunddnervLKAsKRgWWAnR7ebrvVjvVt28L21_Nnf-46Bl4eygK2As65g]
[www.contiant.com/post/revolutionizing-payments-with-contiant-instant-payments-no-chargebacks.html]
[assets-global.website-files.com/63ce8fdfb773bb0e26ff79d5/64be5230afe5cdab9601f69a_r3XTA_tPlmTsY9va-hxt-fMcYwYoblqwfr_8d_SbbCqWIaXNw7dqhcSubDJum0QREf0b-rAd6UFb-SYXctJJpGA33nSWHxseM0e9X1UBbRQmZYeHPRHWDyCXh6hd4FXaxDX1T-]
[assets-global.website-files.com/63ce8fdfb773bb0e26ff79d5/64be52335b636d24bf80fc37_Npajzsan3YNjNUSFH4e35068tfJNdcQk2KOnhSgm0oPL3fC3kaYheN-FBz_GqRUIbkvf5HrJa9kMLYNQ2ofO94FHrKr3iOYegdWhoUqhyMbp6bOFoWs_p4VyclIM2I07C9PTOm]
[assets-global.website-files.com/63ce8fdfb773bb0e26ff79d5/64b0e52865661540c08243c1_EyPlMTJ8sM6QlUGo47bX7kNWX4zA9t8pJAOtBFb2-P_fWemY18wYOn1oaJt5lzUfzqpyrPpVjnjybEmAj5RmWjjcQamILQM-wUTBaTUqw2ciJfmOOhFP-mkv_3nKkVuONFOo65]
[assets-global.website-files.com/63ce8fdfb773bb0e26ff79d5/649d5863f5c7aa41f5f5719c_image5.png]
[assets-global.website-files.com/63ce8fdfb773bb0e26ff79d5/64b0e52797feeb104fd067b9_FC4pXdyBDMRxWC5lwFY6OXF1dBnWpYIumabQrPaN5Qh0Q6TZofd7VDAt_x4lASWj7bGvQf1shjqi7hqMgUEg-PSt1sujcRutPne3EmTNLXTmoIafi2KPi0_MIwgU7YvQwPWPII]
[assets-global.website-files.com/63ce8fdfb773bb0e26ff79d5/64b0e528dd8f4ee3a26c74ea_SS5yPclVkWQQrH2V5tGCcEPUg1dTJ1CKzXvqsp3mHARcVlUfumdvg2z-XTYmPwyLPvJP85yQLZSgod4hvyMqynz5yQaYxZlqjpoabVhpHeW3rKayV0_yYwARugZyKZuUSP4BKX]
[assets-global.website-files.com/63ce8fdfb773bb0e26ff79d5/649d58ba57c468e5323df6f5_image2.png]
[assets-global.website-files.com/63ce8fdfb773bb0e26ff79d5/64b0e527b9909da50432c5d7_3iQFwraNl8D50TQPN_jmT-OolRtG-H6u_tye1QDSUMxShGHJZoxC4fMCIC1tYpIQa4so3vzPdCYn604ucaA41Bj40vgrITqW-6LAogFeVNJiyLK9hlUWKnx5uWf6Za8uxLK6NJ]
[assets-global.website-files.com/63ce8fdfb773bb0e26ff79d5/64abb6de98a0f7b56208e90b_QyC_IdAQmQ4aBkqIDSFLhQZ3g5eMQAxMV1qlxfT6OQTzR2oiSaOjxO3c-MH5sHOrmonKeFBeCasLNPnEgGf59Y1umA0ITe_7if9KpV_BaH2Z5hy58GTxcgP1nxhDsdauC-voUE]
[assets-global.website-files.com/63ce8fdfb773bb0e26ff79d5/64abb6de8c791144eadec822_dp_U37h5JE_SuXxPIc1QSjID_1U22rdYb2KeeOl8sqq4JSM5lk4fkq0ZzVW8GtyJL2s0c08SXB9woPT716HfkM1sB8oB5A_79_o7F1v1NpSp33QM9hgut4l-x5bbCa9slBnU1a]
[assets-global.website-files.com/63ce8fdfb773bb0e26ff79d5/649d585c8fa7ad5b022e435a_image1.png]
[assets-global.website-files.com/63ce8fdfb773bb0e26ff79d5/64abb6deb17b06445b94f05e_BzON5Y6d1BhFDjp_4OYG7YJuKo2KM2Yo4tXlHeN_xZWk0pTWF0thBRiL1PpKgl6HmeMazHlmYzkPS_KkCFunLe0gwjE8olL0bRfuuV_HTLlGtx430XEDpRI1qahfTfreUo7TaK]
[assets-global.website-files.com/63ce8fdfb773bb0e26ff79d5/64abb6dc42531f1c64240c8e_eQGE-Z6EMDF5Sw4YuIAsWfbnAFINTnv7yXyG2mDP9UW3KzQaWbQlLdfwCnOD0QTgmcGwRLVAW1Y_blfdbGX_p8W4js6dZfgS8PpKVW62ufeV4h0ulM7g8BwJxlGvSUaoFvxmyp]
[www.contiant.com/post/open-banking-vs-card-payments-a-new-era-in-financial-transactions.html]
[assets-global.website-files.com/63ce8fdfb773bb0e26ff79d5/64abb6e140dcc1e4fcc385ec_GGW7WVap9ns2qU2Em9or5mA2UE02QZb0p3PoyZbyaI3iRRDy5bTHEdPCRmzjNA7qVWEiddpcE6Qc1QowFgziyxnw7JX-GtPUHy6jRumSQmcN9gLz1sr4XxAoD4p8Kuup6KnGCv]
[assets-global.website-files.com/63ce8fdfb773bb0e26ff79d5/64abb6dda329f52e62234b61_fQMVI5kr1XDesjoEY2tfKHm7X69kNcwzFmZ6XqCHweo6jCmmeTrA7BQ72qaS2vCRmg1QNfwvKtWxNMB7eip-slfE_mvorGn3bkxv0ng3fqszh162wq-Neni5S4Bfd5gS3x5fR0]
[assets-global.website-files.com/63ce8fdfb773bb0e26ff79d5/64a41fd8d9ba19bbd9499ce8_MN5hlq0ekhRi-OcGStUmsnzWh9i8ezre3qDaK9Mq2S_JX0ZxJDalM5qxF1zPsavTk5XsBCV7LiHB7pJslvFdeqVjNuz1HuiyH1RYlR17tjtqdyRljRqC8jMyX1A4yVXbmAcOBo]
[assets-global.website-files.com/63ce8fdfb773bb0e26ff79d5/64a41fd8e4e0302b789eed7d_zIQIaEIJWULVc-Bjy8KxJI3ulKJnj3dwyIUVPgW5aZIs2zueBqMh6rpDmc9H01Y77sZm8os5GOWNvJYkczk271G-Ay6eqNbe5eIy6g3E5O03lUScdmvBu9LwQzl9b6mUJBkI82]
[assets-global.website-files.com/63ce8fdfb773bb0e26ff79d5/64a41fd92a0106a9632f97c6_09YaEaC12FbpIQd7ve5kw8wnoWKaP0GZ4hUiE2__Yk_qLhfOFopnIIFGgILXU_qHRW-_j_ABLLyxwNjjsaJD6Jg4NoAefGwNHT4f8oDhCjS7qWQdP1j70bYGJu-AT4nTiwMAU7]
[assets-global.website-files.com/63ce8fdfb773bb0e26ff79d5/64a41fd846c11449c03c98ee_CcDahtZv9zKtXhmgwx3P4y_KccMJLUoo3AW9HeGEIkWzq5UbNsiVpnR1ja9rDE4LeF0PfIhDCin1rPZE0SmDLYu0BrKhmNq7IziiXLilMLmIYYcmiQiTi1nGPLherqBkXmED46]
[assets-global.website-files.com/63ce8fdfb773bb0e26ff79d5/64a41fd871a98ed5347d7c54_pYowv96e5sFYpu2Nm1FutRRD61lgJoiJPu8ym4PLa3s67kYNaAXoHAxRpK_Qabp4GUZexg-eYmSEdjMYfLC1sDSqoyQaWx52O9ipWv_3csK7qee8F8C-BJcl6-qcVmOjfDbt-8]
[assets-global.website-files.com/63ce8fdfb773bb0e26ff79d5/64a41fd874f36d8171886d6e_N6zuMWsgp1ilX57BBuPvGyze6CEYX9HjpiaLdTVND46RExt0gfaqZM1YgBm5WDcXdypykLzOZqqzKoiQoaxc3bsJbHuEvnnpgZj8cmy05r4cafTzlGvN_eFBTkYVN9e6rqFiFl]
